---
source: src/main.rs
expression: result.events_as_ics()
input_file: src/fixtures/2024-12.html
---
BEGIN:VEVENT
UID:449745241151264714@shinbukan-ics
DTSTAMP:20000101T000000Z
DTSTART:20241208T000000Z
DTEND:20241208T080000Z
SUMMARY:鳴尾浜 柔道場 本稽古
URL:http://brionac.s17.xrea.com/schedule/homepage/homepage/calendar/2024/202412.html
END:VEVENT
BEGIN:VEVENT
UID:17146866201428959692@shinbukan-ics
DTSTAMP:20000101T000000Z
DTSTART:20241222T040000Z
DTEND:20241222T080000Z
SUMMARY:鳴尾浜 柔道場/自主稽古
URL:http://brionac.s17.xrea.com/schedule/homepage/homepage/calendar/2024/202412.html
END:VEVENT
