---
source: src/main.rs
expression: result.events_as_ics()
input_file: src/fixtures/2024-10.html
---
BEGIN:VEVENT
UID:3215368509765690363@shinbukan-ics
DTSTAMP:20000101T000000Z
DTSTART:20241006T000000Z
DTEND:20241006T080000Z
SUMMARY:鳴尾浜 柔道場 本稽古
URL:http://brionac.s17.xrea.com/schedule/homepage/homepage/calendar/2024/202410.html
END:VEVENT
BEGIN:VEVENT
UID:17151202662853320044@shinbukan-ics
DTSTAMP:20000101T000000Z
DTSTART:20241020T040000Z
DTEND:20241020T080000Z
SUMMARY:鳴尾浜 柔道場/自主稽古
URL:http://brionac.s17.xrea.com/schedule/homepage/homepage/calendar/2024/202410.html
END:VEVENT
