---
source: src/main.rs
expression: result.events_as_ics()
input_file: src/fixtures/2025-04.html
---
BEGIN:VEVENT
UID:17998542864375051189@shinbukan-ics
DTSTAMP:20000101T000000Z
DTSTART:20250406T040000Z
DTEND:20250406T080000Z
SUMMARY:鳴尾浜 柔道場/自主稽古
URL:http://brionac.s17.xrea.com/schedule/homepage/homepage/calendar/2025/202504.html
END:VEVENT
BEGIN:VEVENT
UID:16481011770373472757@shinbukan-ics
DTSTAMP:20000101T000000Z
DTSTART:20250413T000000Z
DTEND:20250413T080000Z
SUMMARY:鳴尾浜 柔道場 本稽古
URL:http://brionac.s17.xrea.com/schedule/homepage/homepage/calendar/2025/202504.html
END:VEVENT
BEGIN:VEVENT
UID:17151202662853320044@shinbukan-ics
DTSTAMP:20000101T000000Z
DTSTART:20250420T040000Z
DTEND:20250420T080000Z
SUMMARY:鳴尾浜 柔道場/自主稽古
URL:http://brionac.s17.xrea.com/schedule/homepage/homepage/calendar/2025/202504.html
END:VEVENT
BEGIN:VEVENT
UID:15429811354414414954@shinbukan-ics
DTSTAMP:20000101T000000Z
DTSTART:20250427T040000Z
DTEND:20250427T080000Z
SUMMARY:鳴尾浜 柔道場/自主稽古
URL:http://brionac.s17.xrea.com/schedule/homepage/homepage/calendar/2025/202504.html
END:VEVENT
