---
source: src/main.rs
expression: result.events_as_ics()
input_file: src/fixtures/2024-03.html
---
BEGIN:VEVENT
UID:9706141324866797581@shinbukan-ics
DTSTAMP:20000101T000000Z
DTSTART;VALUE=DATE:20240301
DTEND;VALUE=DATE:20240301
SUMMARY:合宿2日目
URL:http://brionac.s17.xrea.com/schedule/homepage/homepage/calendar/2024/202403.html
END:VEVENT
BEGIN:VEVENT
UID:3455959521517397696@shinbukan-ics
DTSTAMP:20000101T000000Z
DTSTART;VALUE=DATE:20240302
DTEND;VALUE=DATE:20240302
SUMMARY:合宿３日目
URL:http://brionac.s17.xrea.com/schedule/homepage/homepage/calendar/2024/202403.html
END:VEVENT
BEGIN:VEVENT
UID:6848528157302870689@shinbukan-ics
DTSTAMP:20000101T000000Z
DTSTART;VALUE=DATE:20240303
DTEND;VALUE=DATE:20240303
SUMMARY:合宿４日目
URL:http://brionac.s17.xrea.com/schedule/homepage/homepage/calendar/2024/202403.html
END:VEVENT
BEGIN:VEVENT
UID:3567790286355377158@shinbukan-ics
DTSTAMP:20000101T000000Z
DTSTART:20240303T040000Z
DTEND:20240303T080000Z
SUMMARY:鳴尾浜 柔道場/自主稽古
URL:http://brionac.s17.xrea.com/schedule/homepage/homepage/calendar/2024/202403.html
END:VEVENT
BEGIN:VEVENT
UID:11332570489655687127@shinbukan-ics
DTSTAMP:20000101T000000Z
DTSTART;VALUE=DATE:20240304
DTEND;VALUE=DATE:20240304
SUMMARY:合宿５日目
URL:http://brionac.s17.xrea.com/schedule/homepage/homepage/calendar/2024/202403.html
END:VEVENT
BEGIN:VEVENT
UID:5080382069215439052@shinbukan-ics
DTSTAMP:20000101T000000Z
DTSTART:20240304T040000Z
DTEND:20240304T080000Z
SUMMARY:上板橋（自主稽古）
URL:http://brionac.s17.xrea.com/schedule/homepage/homepage/calendar/2024/202403.html
END:VEVENT
BEGIN:VEVENT
UID:8073195373946771673@shinbukan-ics
DTSTAMP:20000101T000000Z
DTSTART;VALUE=DATE:20240306
DTEND;VALUE=DATE:20240306
SUMMARY:帰国
URL:http://brionac.s17.xrea.com/schedule/homepage/homepage/calendar/2024/202403.html
END:VEVENT
BEGIN:VEVENT
UID:9946060168384363105@shinbukan-ics
DTSTAMP:20000101T000000Z
DTSTART:20240307T060000Z
DTEND:20240307T080000Z
SUMMARY:戸田SC(3F)KJ
URL:http://brionac.s17.xrea.com/schedule/homepage/homepage/calendar/2024/202403.html
END:VEVENT
BEGIN:VEVENT
UID:5635786530593321913@shinbukan-ics
DTSTAMP:20000101T000000Z
DTSTART:20240309T040000Z
DTEND:20240309T060000Z
SUMMARY:戸田SC(2F)J
URL:http://brionac.s17.xrea.com/schedule/homepage/homepage/calendar/2024/202403.html
END:VEVENT
BEGIN:VEVENT
UID:10257726827005200074@shinbukan-ics
DTSTAMP:20000101T000000Z
DTSTART:20240310T060000Z
DTEND:20240310T080000Z
SUMMARY:大宮武道館(1F)KJ
URL:http://brionac.s17.xrea.com/schedule/homepage/homepage/calendar/2024/202403.html
END:VEVENT
BEGIN:VEVENT
UID:5246918098698921726@shinbukan-ics
DTSTAMP:20000101T000000Z
DTSTART:20240310T040000Z
DTEND:20240310T080000Z
SUMMARY:鳴尾浜 柔道場/自主稽古
URL:http://brionac.s17.xrea.com/schedule/homepage/homepage/calendar/2024/202403.html
END:VEVENT
BEGIN:VEVENT
UID:1305079963780903947@shinbukan-ics
DTSTAMP:20000101T000000Z
DTSTART:20240311T040000Z
DTEND:20240311T080000Z
SUMMARY:戸田SC(2F)KJ
URL:http://brionac.s17.xrea.com/schedule/homepage/homepage/calendar/2024/202403.html
END:VEVENT
BEGIN:VEVENT
UID:11345384853922609687@shinbukan-ics
DTSTAMP:20000101T000000Z
DTSTART:20240314T060000Z
DTEND:20240314T080000Z
SUMMARY:戸田SC(3F)IK
URL:http://brionac.s17.xrea.com/schedule/homepage/homepage/calendar/2024/202403.html
END:VEVENT
BEGIN:VEVENT
UID:10988119053316194617@shinbukan-ics
DTSTAMP:20000101T000000Z
DTSTART:20240317T000000Z
DTEND:20240317T080000Z
SUMMARY:鳴尾浜 柔道場 本稽古
URL:http://brionac.s17.xrea.com/schedule/homepage/homepage/calendar/2024/202403.html
END:VEVENT
BEGIN:VEVENT
UID:14606398021457851688@shinbukan-ics
DTSTAMP:20000101T000000Z
DTSTART:20240318T040000Z
DTEND:20240318T080000Z
SUMMARY:上板橋IJ
URL:http://brionac.s17.xrea.com/schedule/homepage/homepage/calendar/2024/202403.html
END:VEVENT
BEGIN:VEVENT
UID:7382494681837077864@shinbukan-ics
DTSTAMP:20000101T000000Z
DTSTART:20240321T080000Z
DTEND:20240321T100000Z
SUMMARY:大宮武道館(2F)J
URL:http://brionac.s17.xrea.com/schedule/homepage/homepage/calendar/2024/202403.html
END:VEVENT
BEGIN:VEVENT
UID:666932016663312466@shinbukan-ics
DTSTAMP:20000101T000000Z
DTSTART:20240324T040000Z
DTEND:20240324T060000Z
SUMMARY:戸田SC(2F)IJ
URL:http://brionac.s17.xrea.com/schedule/homepage/homepage/calendar/2024/202403.html
END:VEVENT
BEGIN:VEVENT
UID:2017631036142538466@shinbukan-ics
DTSTAMP:20000101T000000Z
DTSTART:20240324T040000Z
DTEND:20240324T080000Z
SUMMARY:鳴尾浜 柔道場/自主稽古
URL:http://brionac.s17.xrea.com/schedule/homepage/homepage/calendar/2024/202403.html
END:VEVENT
BEGIN:VEVENT
UID:1504512639242702237@shinbukan-ics
DTSTAMP:20000101T000000Z
DTSTART:20240325T040000Z
DTEND:20240325T080000Z
SUMMARY:上板橋J
URL:http://brionac.s17.xrea.com/schedule/homepage/homepage/calendar/2024/202403.html
END:VEVENT
BEGIN:VEVENT
UID:3909300767109730477@shinbukan-ics
DTSTAMP:20000101T000000Z
DTSTART:20240328T080000Z
DTEND:20240328T100000Z
SUMMARY:戸田SC(2F)KJ
URL:http://brionac.s17.xrea.com/schedule/homepage/homepage/calendar/2024/202403.html
END:VEVENT
BEGIN:VEVENT
UID:5540726239303279160@shinbukan-ics
DTSTAMP:20000101T000000Z
DTSTART:20240330T040000Z
DTEND:20240330T060000Z
SUMMARY:大宮武道館(2F半面)IJ
URL:http://brionac.s17.xrea.com/schedule/homepage/homepage/calendar/2024/202403.html
END:VEVENT
BEGIN:VEVENT
UID:8672342154694301326@shinbukan-ics
DTSTAMP:20000101T000000Z
DTSTART:20240331T040000Z
DTEND:20240331T060000Z
SUMMARY:戸田SC(2F)KJ
URL:http://brionac.s17.xrea.com/schedule/homepage/homepage/calendar/2024/202403.html
END:VEVENT
BEGIN:VEVENT
UID:14684334479686485611@shinbukan-ics
DTSTAMP:20000101T000000Z
DTSTART:20240331T040000Z
DTEND:20240331T080000Z
SUMMARY:鳴尾浜 柔道場/自主稽古
URL:http://brionac.s17.xrea.com/schedule/homepage/homepage/calendar/2024/202403.html
END:VEVENT
