---
source: src/main.rs
expression: result.events_as_ics()
input_file: src/fixtures/2024-04.html
---
BEGIN:VEVENT
UID:5815207962637494733@shinbukan-ics
DTSTAMP:20000101T000000Z
DTSTART:20240401T033000Z
DTEND:20240401T063000Z
SUMMARY:練馬総合体育館 柔道場J
URL:http://brionac.s17.xrea.com/schedule/homepage/homepage/calendar/2024/202404.html
END:VEVENT
BEGIN:VEVENT
UID:2606011868797173573@shinbukan-ics
DTSTAMP:20000101T000000Z
DTSTART:20240404T080000Z
DTEND:20240404T100000Z
SUMMARY:大宮武道館(2F)KJ
URL:http://brionac.s17.xrea.com/schedule/homepage/homepage/calendar/2024/202404.html
END:VEVENT
BEGIN:VEVENT
UID:9014119964340368633@shinbukan-ics
DTSTAMP:20000101T000000Z
DTSTART:20240407T040000Z
DTEND:20240407T060000Z
SUMMARY:戸田SC(2F)KJ
URL:http://brionac.s17.xrea.com/schedule/homepage/homepage/calendar/2024/202404.html
END:VEVENT
BEGIN:VEVENT
UID:870092170027976520@shinbukan-ics
DTSTAMP:20000101T000000Z
DTSTART:20240407T040000Z
DTEND:20240407T080000Z
SUMMARY:鳴尾浜 柔道場/自主稽古
URL:http://brionac.s17.xrea.com/schedule/homepage/homepage/calendar/2024/202404.html
END:VEVENT
BEGIN:VEVENT
UID:9572754697122750973@shinbukan-ics
DTSTAMP:20000101T000000Z
DTSTART:20240408T040000Z
DTEND:20240408T080000Z
SUMMARY:戸田SC(3F)KJ
URL:http://brionac.s17.xrea.com/schedule/homepage/homepage/calendar/2024/202404.html
END:VEVENT
BEGIN:VEVENT
UID:1661765854563817281@shinbukan-ics
DTSTAMP:20000101T000000Z
DTSTART:20240411T060000Z
DTEND:20240411T080000Z
SUMMARY:戸田SC(3F)J
URL:http://brionac.s17.xrea.com/schedule/homepage/homepage/calendar/2024/202404.html
END:VEVENT
BEGIN:VEVENT
UID:5142549148627070790@shinbukan-ics
DTSTAMP:20000101T000000Z
DTSTART:20240414T000000Z
DTEND:20240414T080000Z
SUMMARY:鳴尾浜 柔道場 本稽古
URL:http://brionac.s17.xrea.com/schedule/homepage/homepage/calendar/2024/202404.html
END:VEVENT
BEGIN:VEVENT
UID:14272705994553928530@shinbukan-ics
DTSTAMP:20000101T000000Z
DTSTART:20240415T033000Z
DTEND:20240415T063000Z
SUMMARY:練馬総合体育館 柔道場JB
URL:http://brionac.s17.xrea.com/schedule/homepage/homepage/calendar/2024/202404.html
END:VEVENT
BEGIN:VEVENT
UID:6533855004881266544@shinbukan-ics
DTSTAMP:20000101T000000Z
DTSTART:20240418T060000Z
DTEND:20240418T080000Z
SUMMARY:戸田SC(3F)JB
URL:http://brionac.s17.xrea.com/schedule/homepage/homepage/calendar/2024/202404.html
END:VEVENT
BEGIN:VEVENT
UID:12582362077464786313@shinbukan-ics
DTSTAMP:20000101T000000Z
DTSTART:20240420T040000Z
DTEND:20240420T060000Z
SUMMARY:戸田SC(3F)JB
URL:http://brionac.s17.xrea.com/schedule/homepage/homepage/calendar/2024/202404.html
END:VEVENT
BEGIN:VEVENT
UID:15251171376961566724@shinbukan-ics
DTSTAMP:20000101T000000Z
DTSTART:20240421T060000Z
DTEND:20240421T080000Z
SUMMARY:大宮武道館(2F)JB
URL:http://brionac.s17.xrea.com/schedule/homepage/homepage/calendar/2024/202404.html
END:VEVENT
BEGIN:VEVENT
UID:6827344002712749385@shinbukan-ics
DTSTAMP:20000101T000000Z
DTSTART:20240421T040000Z
DTEND:20240421T080000Z
SUMMARY:鳴尾浜 柔道場/自主稽古
URL:http://brionac.s17.xrea.com/schedule/homepage/homepage/calendar/2024/202404.html
END:VEVENT
BEGIN:VEVENT
UID:17600297280113415528@shinbukan-ics
DTSTAMP:20000101T000000Z
DTSTART:20240422T033000Z
DTEND:20240422T063000Z
SUMMARY:練馬総合体育館 柔道場JB
URL:http://brionac.s17.xrea.com/schedule/homepage/homepage/calendar/2024/202404.html
END:VEVENT
BEGIN:VEVENT
UID:15710954272701316307@shinbukan-ics
DTSTAMP:20000101T000000Z
DTSTART:20240425T060000Z
DTEND:20240425T080000Z
SUMMARY:大宮武道館(2F)JB
URL:http://brionac.s17.xrea.com/schedule/homepage/homepage/calendar/2024/202404.html
END:VEVENT
BEGIN:VEVENT
UID:10354460144431835341@shinbukan-ics
DTSTAMP:20000101T000000Z
DTSTART:20240427T040000Z
DTEND:20240427T060000Z
SUMMARY:大宮武道館(1F)JB
URL:http://brionac.s17.xrea.com/schedule/homepage/homepage/calendar/2024/202404.html
END:VEVENT
BEGIN:VEVENT
UID:15031420839965215152@shinbukan-ics
DTSTAMP:20000101T000000Z
DTSTART:20240428T060000Z
DTEND:20240428T080000Z
SUMMARY:大宮武道館(2F)JB
URL:http://brionac.s17.xrea.com/schedule/homepage/homepage/calendar/2024/202404.html
END:VEVENT
BEGIN:VEVENT
UID:4847814621452858357@shinbukan-ics
DTSTAMP:20000101T000000Z
DTSTART:20240428T040000Z
DTEND:20240428T080000Z
SUMMARY:鳴尾浜 柔道場/自主稽古
URL:http://brionac.s17.xrea.com/schedule/homepage/homepage/calendar/2024/202404.html
END:VEVENT
BEGIN:VEVENT
UID:8830772759136652367@shinbukan-ics
DTSTAMP:20000101T000000Z
DTSTART:20240429T020000Z
DTEND:20240429T040000Z
SUMMARY:戸田SC(3F)（大宮稽古会)IK
URL:http://brionac.s17.xrea.com/schedule/homepage/homepage/calendar/2024/202404.html
END:VEVENT
