---
source: src/main.rs
expression: result.events_as_ics()
input_file: src/fixtures/2024-06.html
---
BEGIN:VEVENT
UID:6879774375057200232@shinbukan-ics
DTSTAMP:20000101T000000Z
DTSTART:20240602T040000Z
DTEND:20240602T080000Z
SUMMARY:鳴尾浜 柔道場/自主稽古
URL:http://brionac.s17.xrea.com/schedule/homepage/homepage/calendar/2024/202406.html
END:VEVENT
BEGIN:VEVENT
UID:17705101082398616939@shinbukan-ics
DTSTAMP:20000101T000000Z
DTSTART:20240603T033000Z
DTEND:20240603T063000Z
SUMMARY:練馬総合体育館柔道場
URL:http://brionac.s17.xrea.com/schedule/homepage/homepage/calendar/2024/202406.html
END:VEVENT
BEGIN:VEVENT
UID:14721618407342543715@shinbukan-ics
DTSTAMP:20000101T000000Z
DTSTART:20240608T040000Z
DTEND:20240608T080000Z
SUMMARY:関西講習会（鳴尾浜柔道場 4時終了)
URL:http://brionac.s17.xrea.com/schedule/homepage/homepage/calendar/2024/202406.html
END:VEVENT
BEGIN:VEVENT
UID:14411090769582210796@shinbukan-ics
DTSTAMP:20000101T000000Z
DTSTART:20240609T000000Z
DTEND:20240609T080000Z
SUMMARY:鳴尾浜 柔道場 本稽古
URL:http://brionac.s17.xrea.com/schedule/homepage/homepage/calendar/2024/202406.html
END:VEVENT
BEGIN:VEVENT
UID:17255180369088899380@shinbukan-ics
DTSTAMP:20000101T000000Z
DTSTART:20240610T040000Z
DTEND:20240610T080000Z
SUMMARY:戸田SC(2F)
URL:http://brionac.s17.xrea.com/schedule/homepage/homepage/calendar/2024/202406.html
END:VEVENT
BEGIN:VEVENT
UID:5575817332857711735@shinbukan-ics
DTSTAMP:20000101T000000Z
DTSTART:20240613T080000Z
DTEND:20240613T100000Z
SUMMARY:大宮武道館(2F)
URL:http://brionac.s17.xrea.com/schedule/homepage/homepage/calendar/2024/202406.html
END:VEVENT
BEGIN:VEVENT
UID:9610089265714035061@shinbukan-ics
DTSTAMP:20000101T000000Z
DTSTART:20240616T040000Z
DTEND:20240616T080000Z
SUMMARY:鳴尾浜 柔道場/自主稽古
URL:http://brionac.s17.xrea.com/schedule/homepage/homepage/calendar/2024/202406.html
END:VEVENT
BEGIN:VEVENT
UID:5562115884302002826@shinbukan-ics
DTSTAMP:20000101T000000Z
DTSTART:20240617T040000Z
DTEND:20240617T080000Z
SUMMARY:上板橋
URL:http://brionac.s17.xrea.com/schedule/homepage/homepage/calendar/2024/202406.html
END:VEVENT
BEGIN:VEVENT
UID:840571370272500614@shinbukan-ics
DTSTAMP:20000101T000000Z
DTSTART:20240623T060000Z
DTEND:20240623T080000Z
SUMMARY:大宮武道館(2F)
URL:http://brionac.s17.xrea.com/schedule/homepage/homepage/calendar/2024/202406.html
END:VEVENT
BEGIN:VEVENT
UID:865984228644521414@shinbukan-ics
DTSTAMP:20000101T000000Z
DTSTART:20240623T040000Z
DTEND:20240623T080000Z
SUMMARY:鳴尾浜 柔道場/自主稽古
URL:http://brionac.s17.xrea.com/schedule/homepage/homepage/calendar/2024/202406.html
END:VEVENT
BEGIN:VEVENT
UID:14902099151200965823@shinbukan-ics
DTSTAMP:20000101T000000Z
DTSTART:20240624T040000Z
DTEND:20240624T080000Z
SUMMARY:上板橋
URL:http://brionac.s17.xrea.com/schedule/homepage/homepage/calendar/2024/202406.html
END:VEVENT
BEGIN:VEVENT
UID:14816725971992393680@shinbukan-ics
DTSTAMP:20000101T000000Z
DTSTART:20240630T060000Z
DTEND:20240630T080000Z
SUMMARY:大宮武道館(2F)
URL:http://brionac.s17.xrea.com/schedule/homepage/homepage/calendar/2024/202406.html
END:VEVENT
BEGIN:VEVENT
UID:6021289499404665043@shinbukan-ics
DTSTAMP:20000101T000000Z
DTSTART:20240630T040000Z
DTEND:20240630T080000Z
SUMMARY:鳴尾浜 柔道場/自主稽古
URL:http://brionac.s17.xrea.com/schedule/homepage/homepage/calendar/2024/202406.html
END:VEVENT
